{
  "filters_used": [
    {
      "path": "detect_secrets.filters.allowlist.is_line_allowlisted"
    },
    {
      "min_level": 2,
      "path": "detect_secrets.filters.common.is_ignored_due_to_verification_policies"
    },
    {
      "path": "detect_secrets.filters.heuristic.is_indirect_reference"
    },
    {
      "path": "detect_secrets.filters.heuristic.is_likely_id_string"
    },
    {
      "path": "detect_secrets.filters.heuristic.is_lock_file"
    },
    {
      "path": "detect_secrets.filters.heuristic.is_not_alphanumeric_string"
    },
    {
      "path": "detect_secrets.filters.heuristic.is_potential_uuid"
    },
    {
      "path": "detect_secrets.filters.heuristic.is_prefixed_with_dollar_sign"
    },
    {
      "path": "detect_secrets.filters.heuristic.is_sequential_string"
    },
    {
      "path": "detect_secrets.filters.heuristic.is_swagger_file"
    },
    {
      "path": "detect_secrets.filters.heuristic.is_templated_secret"
    },
    {
      "path": "detect_secrets.filters.regex.should_exclude_file",
      "pattern": [
        "^(\\.secrets\\.baseline|dashboard/(_headers|index\\.html))$"
      ]
    }
  ],
  "generated_at": "2026-08-10T06:27:17Z",
  "plugins_used": [
    {
      "name": "ArtifactoryDetector"
    },
    {
      "name": "AWSKeyDetector"
    },
    {
      "name": "AzureStorageKeyDetector"
    },
    {
      "limit": 4.5,
      "name": "Base64HighEntropyString"
    },
    {
      "name": "BasicAuthDetector"
    },
    {
      "name": "CloudantDetector"
    },
    {
      "name": "DiscordBotTokenDetector"
    },
    {
      "name": "GitHubTokenDetector"
    },
    {
      "name": "GitLabTokenDetector"
    },
    {
      "name": "IbmCloudIamDetector"
    },
    {
      "name": "IbmCosHmacDetector"
    },
    {
      "name": "IPPublicDetector"
    },
    {
      "name": "JwtTokenDetector"
    },
    {
      "keyword_exclude": "",
      "name": "KeywordDetector"
    },
    {
      "name": "MailchimpDetector"
    },
    {
      "name": "NpmDetector"
    },
    {
      "name": "OpenAIDetector"
    },
    {
      "name": "PrivateKeyDetector"
    },
    {
      "name": "PypiTokenDetector"
    },
    {
      "name": "SendGridDetector"
    },
    {
      "name": "SlackDetector"
    },
    {
      "name": "SoftlayerDetector"
    },
    {
      "name": "SquareOAuthDetector"
    },
    {
      "name": "StripeDetector"
    },
    {
      "name": "TelegramBotTokenDetector"
    },
    {
      "name": "TwilioKeyDetector"
    }
  ],
  "results": {
    "infra/azure-staging/compute.tf": [
      {
        "audit_note": "an environment variable name bound to a Key Vault secret reference, not a value",
        "filename": "infra/azure-staging/compute.tf",
        "hashed_secret": "b35c104ea0751c06a11e3ddd4ca689742b230d49",
        "is_secret": false,
        "is_verified": false,
        "line_number": 60,
        "type": "Secret Keyword"
      }
    ],
    "infra/azure-staging/security.tf": [
      {
        "audit_note": "a Terraform format template with %s placeholders; the value is generated at apply time",
        "filename": "infra/azure-staging/security.tf",
        "hashed_secret": "347cd9c53ff77d41a7b22aa56c7b4efaf54658e3",
        "is_secret": false,
        "is_verified": false,
        "line_number": 43,
        "type": "Basic Auth Credentials"
      }
    ],
    "scripts/release_check.py": [
      {
        "audit_note": "the release checker's own regex describing a credential assignment",
        "filename": "scripts/release_check.py",
        "hashed_secret": "347cd9c53ff77d41a7b22aa56c7b4efaf54658e3",
        "is_secret": false,
        "is_verified": false,
        "line_number": 72,
        "type": "Basic Auth Credentials"
      },
      {
        "audit_note": "the release checker's own regex describing a credential assignment",
        "filename": "scripts/release_check.py",
        "hashed_secret": "565a2c56e254b820ddbe8e3c8c078f7a4fa9fb2a",
        "is_secret": false,
        "is_verified": false,
        "line_number": 432,
        "type": "Secret Keyword"
      }
    ]
  },
  "version": "1.5.0"
}
